[0m11:44:49.685034 [debug] [MainThread]: Sending event: {'category': 'dbt', 'action': 'invocation', 'label': 'start', 'context': [<snowplow_tracker.self_describing_json.SelfDescribingJson object at 0x7d3123484f50>, <snowplow_tracker.self_describing_json.SelfDescribingJson object at 0x7d31227af830>, <snowplow_tracker.self_describing_json.SelfDescribingJson object at 0x7d31232b1070>]}


============================== 11:44:49.707965 | c26aecb1-0c9b-41c6-aa8b-9c306b98249c ==============================
[0m11:44:49.707965 [info ] [MainThread]: Running with dbt=1.11.8
[0m11:44:49.710756 [debug] [MainThread]: running dbt with arguments {'empty': 'None', 'target_path': 'None', 'use_colors': 'True', 'fail_fast': 'False', 'log_cache_events': 'False', 'invocation_command': 'dbt init dbt_crypto', 'version_check': 'True', 'printer_width': '80', 'cache_selected_only': 'False', 'send_anonymous_usage_stats': 'True', 'debug': 'False', 'write_json': 'True', 'introspect': 'True', 'use_experimental_parser': 'False', 'indirect_selection': 'eager', 'log_path': 'logs', 'static_parser': 'True', 'warn_error': 'None', 'log_format': 'default', 'partial_parse': 'True', 'no_print': 'None', 'warn_error_options': 'WarnErrorOptionsV2(error=[], warn=[], silence=[])', 'quiet': 'False', 'profiles_dir': '/home/codespace/.dbt'}
[0m11:44:49.730834 [info ] [MainThread]: Creating dbt configuration folder at /home/codespace/.dbt
[0m11:44:49.733347 [debug] [MainThread]: Starter project path: /usr/local/python/3.12.1/lib/python3.12/site-packages/dbt/include/starter_project
[0m11:44:49.741896 [info ] [MainThread]: 
Your new dbt project "dbt_crypto" was created!

For more information on how to configure the profiles.yml file,
please consult the dbt documentation here:

  https://docs.getdbt.com/docs/configure-your-profile

One more thing:

Need help? Don't hesitate to reach out to us via GitHub issues or on Slack:

  https://community.getdbt.com/

Happy modeling!

[0m11:44:49.744039 [info ] [MainThread]: Setting up your profile.
[0m11:46:35.374207 [info ] [MainThread]: Profile dbt_crypto written to /home/codespace/.dbt/profiles.yml using target's profile_template.yml and your supplied values. Run 'dbt debug' to validate the connection.
[0m11:46:35.375566 [debug] [MainThread]: Resource report: {"command_name": "init", "command_success": true, "command_wall_clock_time": 105.74853, "process_in_blocks": "168608", "process_kernel_time": 0.298651, "process_mem_max_rss": "229160", "process_out_blocks": "80", "process_user_time": 3.395963}
[0m11:46:35.376751 [debug] [MainThread]: Command `dbt init` succeeded at 11:46:35.376622 after 105.75 seconds
[0m11:46:35.377276 [debug] [MainThread]: Sending event: {'category': 'dbt', 'action': 'invocation', 'label': 'end', 'context': [<snowplow_tracker.self_describing_json.SelfDescribingJson object at 0x7d3110c31be0>, <snowplow_tracker.self_describing_json.SelfDescribingJson object at 0x7d311075b380>, <snowplow_tracker.self_describing_json.SelfDescribingJson object at 0x7d3111b05f10>]}
[0m11:46:35.377827 [debug] [MainThread]: Flushing usage events
[0m11:46:35.820815 [debug] [MainThread]: An error was encountered while trying to flush usage events
